--- Copying files at Mon Jul 28 23:20:20 UTC 2025
INSTALLED plugins/pipeline-stage-step.jpi : 322.vecffa_99f371c
INSTALLED plugins/joda-time-api.jpi : 2.14.0-149.v1c3ce991d1b_9
INSTALLED plugins/json-path-api.jpi : 2.9.0-178.vca_b_c71881321
INSTALLED plugins/asm-api.jpi : 9.8-163.vb_2a_96d3f9c3c
INSTALLED plugins/credentials-binding.jpi : 702.vfe613e537e88
INSTALLED plugins/workflow-step-api.jpi : 704.ve4f0967e98fa_
INSTALLED plugins/display-url-api.jpi : 2.209.v582ed814ff2f
INSTALLED plugins/cloudbees-folder.jpi : 6.1036.vb_94fd035b_287
INSTALLED plugins/workflow-support.jpi : 968.v8f17397e87b_8
INSTALLED plugins/pipeline-build-step.jpi : 571.v08a_fffd4b_0ce
INSTALLED plugins/workflow-multibranch.jpi : 806.vb_b_688f609ee9
INSTALLED plugins/pipeline-model-api.jpi : 2.2258.v4e96d2b_da_f9b_
INSTALLED plugins/caffeine-api.jpi : 3.2.2-178.v353b_8428ed56
INSTALLED plugins/pipeline-groovy-lib.jpi : 752.vdddedf804e72
INSTALLED plugins/apache-httpcomponents-client-4-api.jpi : 4.5.14-269.vfa_2321039a_83
INSTALLED plugins/github.jpi : 1.44.0
INSTALLED plugins/okhttp-api.jpi : 4.11.0-189.v976fa_d3379d6
INSTALLED plugins/ssh-credentials.jpi : 359.v2191c4cf635f
INSTALLED plugins/jaxb.jpi : 2.3.9-133.vb_ec76a_73f706
INSTALLED plugins/branch-api.jpi : 2.1233.vfb_6b_2b_3ed499
INSTALLED plugins/git-client.jpi : 6.2.0
INSTALLED plugins/pipeline-model-definition.jpi : 2.2258.v4e96d2b_da_f9b_
INSTALLED plugins/credentials.jpi : 1417.vd854994a_f6b_e
INSTALLED plugins/workflow-basic-steps.jpi : 1079.vce64b_a_929c5a_
INSTALLED plugins/workflow-api.jpi : 1380.ve03e7a_63d139
INSTALLED plugins/workflow-aggregator.jpi : 608.v67378e9d3db_1
INSTALLED plugins/commons-lang3-api.jpi : 3.18.0-98.v3a_674c06072d
INSTALLED plugins/github-api.jpi : 1.321-488.v9b_c0da_9533f8
INSTALLED plugins/pipeline-model-extensions.jpi : 2.2258.v4e96d2b_da_f9b_
INSTALLED plugins/jackson2-api.jpi : 2.19.2-408.v18248a_324cfe
INSTALLED plugins/workflow-scm-step.jpi : 437.v05a_f66b_e5ef8
INSTALLED plugins/jakarta-mail-api.jpi : 2.1.3-2
INSTALLED plugins/ionicons-api.jpi : 88.va_4187cb_eddf1
INSTALLED plugins/job-dsl.jpi : 1.93
INSTALLED plugins/pipeline-milestone-step.jpi : 138.v78ca_76831a_43
INSTALLED plugins/mailer.jpi : 509.vc54d23fc427e
INSTALLED plugins/git.jpi : 5.7.0
INSTALLED plugins/instance-identity.jpi : 203.v15e81a_1b_7a_38
INSTALLED plugins/workflow-job.jpi : 1540.v295eccc9778f
INSTALLED plugins/variant.jpi : 70.va_d9f17f859e0
INSTALLED plugins/script-security.jpi : 1373.vb_b_4a_a_c26fa_00
INSTALLED plugins/token-macro.jpi : 444.v52de7e9c573d
INSTALLED plugins/pipeline-stage-tags-metadata.jpi : 2.2258.v4e96d2b_da_f9b_
INSTALLED plugins/workflow-cps.jpi : 4169.vb_7e492a_1c7b_e
INSTALLED plugins/jakarta-activation-api.jpi : 2.1.3-2
INSTALLED plugins/pipeline-input-step.jpi : 532.v9e7466cb_4406
INSTALLED plugins/json-api.jpi : 20250517-163.v1c5da_e99c775
INSTALLED plugins/mina-sshd-api-common.jpi : 2.15.0-161.vb_200831a_c15b_
INSTALLED plugins/snakeyaml-api.jpi : 2.3-125.v4d77857a_b_402
INSTALLED plugins/workflow-durable-task-step.jpi : 1442.vb_a_b_f5f3da_9f9
INSTALLED plugins/gson-api.jpi : 2.13.1-153.vb_3d0c48a_a_b_4a_
INSTALLED plugins/durable-task.jpi : 594.v093d5387225c
INSTALLED plugins/scm-api.jpi : 704.v3ce5c542825a_
INSTALLED plugins/bouncycastle-api.jpi : 2.30.1.80-261.v00c0e2618ec3
INSTALLED plugins/structs.jpi : 350.v3b_30f09f2363
INSTALLED plugins/javax-activation-api.jpi : 1.2.0-8
INSTALLED plugins/plain-credentials.jpi : 199.v9f8e1f741799
INSTALLED plugins/mina-sshd-api-core.jpi : 2.15.0-161.vb_200831a_c15b_
--- Copied files finished at Mon Jul 28 23:20:23 UTC 2025
--- Copying files at Tue Jul 29 00:10:13 UTC 2025
INSTALLED plugins/checks-api.jpi : 373.vfe7645102093
INSTALLED plugins/commons-text-api.jpi : 1.13.1-176.v74d88f22034b_
INSTALLED plugins/junit.jpi : 1335.v6b_a_a_e18534e1
INSTALLED plugins/font-awesome-api.jpi : 7.0.0-1
INSTALLED plugins/jquery3-api.jpi : 3.7.1-3
INSTALLED plugins/bootstrap5-api.jpi : 5.3.7-1
INSTALLED plugins/echarts-api.jpi : 5.6.0-5
INSTALLED plugins/plugin-util-api.jpi : 6.1.0
--- Copied files finished at Tue Jul 29 00:10:24 UTC 2025
--- Copying files at Thu Aug  7 11:03:06 UTC 2025
--- Copied files finished at Thu Aug  7 11:03:15 UTC 2025
--- Copying files at Tue Aug 12 10:08:28 UTC 2025
--- Copied files finished at Tue Aug 12 10:08:37 UTC 2025
--- Copying files at Mon Aug 18 10:16:13 UTC 2025
--- Copied files finished at Mon Aug 18 10:16:19 UTC 2025
--- Copying files at Wed Aug 20 11:10:43 UTC 2025
--- Copied files finished at Wed Aug 20 11:10:50 UTC 2025
--- Copying files at Sun Aug 24 09:13:28 UTC 2025
UPGRADED plugins/workflow-step-api.jpi : Image version (706.v518c5dcb_24c0) is newer than installed version (704.ve4f0967e98fa_)
UPGRADED plugins/display-url-api.jpi : Image version (2.217.va_6b_de84cc74b_) is newer than installed version (2.209.v582ed814ff2f)
UPGRADED plugins/cloudbees-folder.jpi : Image version (6.1037.v4cb_8573b_72a_a_) is newer than installed version (6.1036.vb_94fd035b_287)
UPGRADED plugins/workflow-support.jpi : Image version (976.vb_d9493c2eb_09) is newer than installed version (968.v8f17397e87b_8)
UPGRADED plugins/workflow-multibranch.jpi : Image version (811.vcd33d074c2a_0) is newer than installed version (806.vb_b_688f609ee9)
UPGRADED plugins/pipeline-model-api.jpi : Image version (2.2265.v140e610fe9d5) is newer than installed version (2.2258.v4e96d2b_da_f9b_)
UPGRADED plugins/ssh-credentials.jpi : Image version (361.vb_f6760818e8c) is newer than installed version (359.v2191c4cf635f)
UPGRADED plugins/commons-text-api.jpi : Image version (1.14.0-194.v804a_dc3a_1b_d8) is newer than installed version (1.13.1-176.v74d88f22034b_)
UPGRADED plugins/branch-api.jpi : Image version (2.1244.vf95c81f1641c) is newer than installed version (2.1233.vfb_6b_2b_3ed499)
UPGRADED plugins/git-client.jpi : Image version (6.3.2) is newer than installed version (6.2.0)
UPGRADED plugins/pipeline-model-definition.jpi : Image version (2.2265.v140e610fe9d5) is newer than installed version (2.2258.v4e96d2b_da_f9b_)
UPGRADED plugins/credentials.jpi : Image version (1419.v2337d1ceceef) is newer than installed version (1417.vd854994a_f6b_e)
UPGRADED plugins/workflow-api.jpi : Image version (1384.vdc05a_48f535f) is newer than installed version (1380.ve03e7a_63d139)
UPGRADED plugins/pipeline-model-extensions.jpi : Image version (2.2265.v140e610fe9d5) is newer than installed version (2.2258.v4e96d2b_da_f9b_)
UPGRADED plugins/font-awesome-api.jpi : Image version (7.0.0-851.vd1feb_218a_a_63) is newer than installed version (7.0.0-1)
UPGRADED plugins/jquery3-api.jpi : Image version (3.7.1-594.vb_3864f326cf0) is newer than installed version (3.7.1-3)
UPGRADED plugins/jakarta-mail-api.jpi : Image version (2.1.3-3) is newer than installed version (2.1.3-2)
UPGRADED plugins/ionicons-api.jpi : Image version (94.vcc3065403257) is newer than installed version (88.va_4187cb_eddf1)
UPGRADED plugins/mailer.jpi : Image version (522.va_995fa_cfb_8b_d) is newer than installed version (509.vc54d23fc427e)
UPGRADED plugins/script-security.jpi : Image version (1378.vf25626395f49) is newer than installed version (1373.vb_b_4a_a_c26fa_00)
UPGRADED plugins/token-macro.jpi : Image version (477.vd4f0dc3cb_cf1) is newer than installed version (444.v52de7e9c573d)
UPGRADED plugins/pipeline-stage-tags-metadata.jpi : Image version (2.2265.v140e610fe9d5) is newer than installed version (2.2258.v4e96d2b_da_f9b_)
UPGRADED plugins/workflow-cps.jpi : Image version (4183.v94b_6fd39da_c1) is newer than installed version (4169.vb_7e492a_1c7b_e)
UPGRADED plugins/bootstrap5-api.jpi : Image version (5.3.7-860.v1251c115c90c) is newer than installed version (5.3.7-1)
UPGRADED plugins/echarts-api.jpi : Image version (6.0.0-1146.v5c8f3b_8f0573) is newer than installed version (5.6.0-5)
UPGRADED plugins/pipeline-input-step.jpi : Image version (534.v352f0a_e98918) is newer than installed version (532.v9e7466cb_4406)
UPGRADED plugins/workflow-durable-task-step.jpi : Image version (1452.v0ee719c104a_7) is newer than installed version (1442.vb_a_b_f5f3da_9f9)
UPGRADED plugins/plugin-util-api.jpi : Image version (6.1167.v022176c7e0ca_) is newer than installed version (6.1.0)
UPGRADED plugins/durable-task.jpi : Image version (595.ve87b_f1318d67) is newer than installed version (594.v093d5387225c)
UPGRADED plugins/scm-api.jpi : Image version (707.v749f968369d4) is newer than installed version (704.v3ce5c542825a_)
UPGRADED plugins/bouncycastle-api.jpi : Image version (2.30.1.81-264.v95c79c0e772c) is newer than installed version (2.30.1.80-261.v00c0e2618ec3)
UPGRADED plugins/structs.jpi : Image version (353.v261ea_40a_80fb_) is newer than installed version (350.v3b_30f09f2363)
--- Copied files finished at Sun Aug 24 09:13:36 UTC 2025
--- Copying files at Thu Aug 28 08:35:40 UTC 2025
--- Copied files finished at Thu Aug 28 08:35:49 UTC 2025
--- Copying files at Tue Sep  9 09:32:47 UTC 2025
--- Copied files finished at Tue Sep  9 09:32:54 UTC 2025
--- Copying files at Thu Sep 18 12:16:29 UTC 2025
UPGRADED plugins/json-path-api.jpi : Image version (2.9.0-190.veefca_05d5477) is newer than installed version (2.9.0-178.vca_b_c71881321)
UPGRADED plugins/cloudbees-folder.jpi : Image version (6.1040.v8a_e6330a_54e3) is newer than installed version (6.1037.v4cb_8573b_72a_a_)
UPGRADED plugins/workflow-support.jpi : Image version (989.va_20a_1a_57710a_) is newer than installed version (976.vb_d9493c2eb_09)
UPGRADED plugins/workflow-multibranch.jpi : Image version (821.vc3b_4ea_780798) is newer than installed version (811.vcd33d074c2a_0)
UPGRADED plugins/pipeline-model-api.jpi : Image version (2.2273.v643f36ed9e94) is newer than installed version (2.2265.v140e610fe9d5)
UPGRADED plugins/github.jpi : Image version (1.45.0) is newer than installed version (1.44.0)
UPGRADED plugins/git-client.jpi : Image version (6.4.0) is newer than installed version (6.3.2)
UPGRADED plugins/pipeline-model-definition.jpi : Image version (2.2273.v643f36ed9e94) is newer than installed version (2.2265.v140e610fe9d5)
UPGRADED plugins/credentials.jpi : Image version (1447.v4cb_b_539b_5321) is newer than installed version (1419.v2337d1ceceef)
UPGRADED plugins/github-api.jpi : Image version (1.330-492.v3941a_032db_2a_) is newer than installed version (1.321-488.v9b_c0da_9533f8)
UPGRADED plugins/pipeline-model-extensions.jpi : Image version (2.2273.v643f36ed9e94) is newer than installed version (2.2265.v140e610fe9d5)
UPGRADED plugins/jackson2-api.jpi : Image version (2.20.0-411.v6ef8fdee4fe9) is newer than installed version (2.19.2-408.v18248a_324cfe)
UPGRADED plugins/junit.jpi : Image version (1355.v45e2ea_65863c) is newer than installed version (1335.v6b_a_a_e18534e1)
UPGRADED plugins/workflow-scm-step.jpi : Image version (452.vdf1ca_c8d3a_87) is newer than installed version (437.v05a_f66b_e5ef8)
UPGRADED plugins/font-awesome-api.jpi : Image version (7.0.1-859.v128d3a_efb_6e5) is newer than installed version (7.0.0-851.vd1feb_218a_a_63)
UPGRADED plugins/workflow-job.jpi : Image version (1546.v62a_c59c112dd) is newer than installed version (1540.v295eccc9778f)
UPGRADED plugins/pipeline-stage-tags-metadata.jpi : Image version (2.2273.v643f36ed9e94) is newer than installed version (2.2265.v140e610fe9d5)
UPGRADED plugins/bootstrap5-api.jpi : Image version (5.3.8-876.vb_c62a_27d9a_77) is newer than installed version (5.3.7-860.v1251c115c90c)
UPGRADED plugins/json-api.jpi : Image version (20250517-173.v596efb_962a_31) is newer than installed version (20250517-163.v1c5da_e99c775)
UPGRADED plugins/mina-sshd-api-common.jpi : Image version (2.16.0-167.va_269f38cc024) is newer than installed version (2.15.0-161.vb_200831a_c15b_)
UPGRADED plugins/workflow-durable-task-step.jpi : Image version (1464.v2d3f5c68f84c) is newer than installed version (1452.v0ee719c104a_7)
UPGRADED plugins/gson-api.jpi : Image version (2.13.2-173.va_a_092315913c) is newer than installed version (2.13.1-153.vb_3d0c48a_a_b_4a_)
UPGRADED plugins/mina-sshd-api-core.jpi : Image version (2.16.0-167.va_269f38cc024) is newer than installed version (2.15.0-161.vb_200831a_c15b_)
--- Copied files finished at Thu Sep 18 12:16:36 UTC 2025
--- Copying files at Mon Sep 29 13:38:42 UTC 2025
--- Copied files finished at Mon Sep 29 13:38:48 UTC 2025
